2026-01-15 16:50:13,001 - INFO - 开始批量特征提取，数据目录: data
2026-01-15 16:50:13,023 - INFO - 元数据记录数: 2612
2026-01-15 16:50:18,400 - INFO - 进度: 100/2612
2026-01-15 16:50:24,857 - INFO - 进度: 200/2612
2026-01-15 16:50:47,617 - INFO - 进度: 300/2612
2026-01-15 16:51:00,995 - INFO - 进度: 400/2612
2026-01-15 16:51:18,564 - INFO - 进度: 500/2612
2026-01-15 16:51:31,902 - WARNING - 文件不存在: 00579_018_SN06_24bars_offmod.csv
2026-01-15 16:51:38,802 - INFO - 进度: 600/2612
2026-01-15 16:51:53,346 - INFO - 进度: 700/2612
2026-01-15 16:52:06,901 - INFO - 进度: 800/2612
2026-01-15 16:52:22,125 - INFO - 进度: 900/2612
2026-01-15 16:52:34,330 - INFO - 进度: 1000/2612
2026-01-15 16:52:45,139 - INFO - 进度: 1100/2612
2026-01-15 16:52:58,607 - INFO - 进度: 1200/2612
2026-01-15 16:53:09,298 - INFO - 进度: 1300/2612
2026-01-15 16:53:21,423 - INFO - 进度: 1400/2612
2026-01-15 16:53:34,973 - INFO - 进度: 1500/2612
2026-01-15 16:53:48,756 - INFO - 进度: 1600/2612
2026-01-15 16:54:04,080 - INFO - 进度: 1700/2612
2026-01-15 16:54:19,727 - INFO - 进度: 1800/2612
2026-01-15 16:54:39,360 - INFO - 进度: 1900/2612
2026-01-15 16:54:56,214 - INFO - 进度: 2000/2612
2026-01-15 16:55:16,023 - INFO - 进度: 2100/2612
2026-01-15 16:55:41,909 - INFO - 进度: 2200/2612
2026-01-15 16:55:47,011 - INFO - 进度: 2300/2612
2026-01-15 16:55:52,178 - INFO - 进度: 2400/2612
2026-01-15 16:55:57,416 - INFO - 进度: 2500/2612
2026-01-15 16:56:02,815 - INFO - 进度: 2600/2612
2026-01-15 16:56:03,562 - INFO - 批量提取完成: 成功 2611, 失败 1
2026-01-15 16:56:03,668 - INFO - 特征数据已保存至: data/feature_dataset.csv
